#-----------------------------------------------------------
# Vivado v2019.1 (64-bit)
# SW Build 2552052 on Fri May 24 14:49:42 MDT 2019
# IP Build 2548770 on Fri May 24 18:01:18 MDT 2019
# Start of session at: Sun Sep 21 19:49:57 2025
# Process ID: 3832
# Current directory: C:/Users/User/Desktop/ELD LAB/LAB_3
# Command line: vivado.exe -gui_launcher_event rodinguilauncherevent2828 C:\Users\User\Desktop\ELD LAB\LAB_3\LAB_3.xpr
# Log file: C:/Users/User/Desktop/ELD LAB/LAB_3/vivado.log
# Journal file: C:/Users/User/Desktop/ELD LAB/LAB_3\vivado.jou
#-----------------------------------------------------------
start_gui
open_project {C:/Users/User/Desktop/ELD LAB/LAB_3/LAB_3.xpr}
update_compile_order -fileset sources_1
reset_run synth_1
launch_runs impl_1 -to_step write_bitstream -jobs 2
wait_on_run impl_1
open_hw
connect_hw_server -url 192.168.226.142:49533
current_hw_target [get_hw_targets */xilinx_tcf/Digilent/210351A78181A]
set_property PARAM.FREQUENCY 15000000 [get_hw_targets */xilinx_tcf/Digilent/210351A78181A]
open_hw_target
set_property PROGRAM.FILE {C:/Users/User/Desktop/ELD LAB/LAB_3/LAB_3.runs/impl_1/vio_wrapper.bit} [get_hw_devices xc7z010_1]
set_property PROBES.FILE {C:/Users/User/Desktop/ELD LAB/LAB_3/LAB_3.runs/impl_1/vio_wrapper.ltx} [get_hw_devices xc7z010_1]
set_property FULL_PROBES.FILE {C:/Users/User/Desktop/ELD LAB/LAB_3/LAB_3.runs/impl_1/vio_wrapper.ltx} [get_hw_devices xc7z010_1]
current_hw_device [get_hw_devices xc7z010_1]
refresh_hw_device [lindex [get_hw_devices xc7z010_1] 0]
set_property PROBES.FILE {C:/Users/User/Desktop/ELD LAB/LAB_3/LAB_3.runs/impl_1/vio_wrapper.ltx} [get_hw_devices xc7z010_1]
set_property FULL_PROBES.FILE {C:/Users/User/Desktop/ELD LAB/LAB_3/LAB_3.runs/impl_1/vio_wrapper.ltx} [get_hw_devices xc7z010_1]
set_property PROGRAM.FILE {C:/Users/User/Desktop/ELD LAB/LAB_3/LAB_3.runs/impl_1/vio_wrapper.bit} [get_hw_devices xc7z010_1]
program_hw_devices [get_hw_devices xc7z010_1]
refresh_hw_device [lindex [get_hw_devices xc7z010_1] 0]
set_property INPUT_VALUE_RADIX UNSIGNED [get_hw_probes count -of_objects [get_hw_vios -of_objects [get_hw_devices xc7z010_1] -filter {CELL_NAME=~"T2"}]]
close_hw
set_property -dict [list CONFIG.C_PROBE_IN0_WIDTH {4}] [get_ips vio_0]
generate_target all [get_files  {{C:/Users/User/Desktop/ELD LAB/LAB_3/LAB_3.srcs/sources_1/ip/vio_0/vio_0.xci}}]
catch { config_ip_cache -export [get_ips -all vio_0] }
export_ip_user_files -of_objects [get_files {{C:/Users/User/Desktop/ELD LAB/LAB_3/LAB_3.srcs/sources_1/ip/vio_0/vio_0.xci}}] -no_script -sync -force -quiet
reset_run vio_0_synth_1
launch_runs -jobs 2 vio_0_synth_1
export_simulation -of_objects [get_files {{C:/Users/User/Desktop/ELD LAB/LAB_3/LAB_3.srcs/sources_1/ip/vio_0/vio_0.xci}}] -directory {C:/Users/User/Desktop/ELD LAB/LAB_3/LAB_3.ip_user_files/sim_scripts} -ip_user_files_dir {C:/Users/User/Desktop/ELD LAB/LAB_3/LAB_3.ip_user_files} -ipstatic_source_dir {C:/Users/User/Desktop/ELD LAB/LAB_3/LAB_3.ip_user_files/ipstatic} -lib_map_path [list {modelsim=C:/Users/User/Desktop/ELD LAB/LAB_3/LAB_3.cache/compile_simlib/modelsim} {questa=C:/Users/User/Desktop/ELD LAB/LAB_3/LAB_3.cache/compile_simlib/questa} {riviera=C:/Users/User/Desktop/ELD LAB/LAB_3/LAB_3.cache/compile_simlib/riviera} {activehdl=C:/Users/User/Desktop/ELD LAB/LAB_3/LAB_3.cache/compile_simlib/activehdl}] -use_ip_compiled_libs -force -quiet
reset_run synth_1
launch_runs impl_1 -to_step write_bitstream -jobs 2
wait_on_run impl_1
open_hw
connect_hw_server -url 192.168.226.142:49533
current_hw_target [get_hw_targets */xilinx_tcf/Digilent/210351A78181A]
set_property PARAM.FREQUENCY 15000000 [get_hw_targets */xilinx_tcf/Digilent/210351A78181A]
open_hw_target
current_hw_device [get_hw_devices xc7z010_1]
refresh_hw_device -update_hw_probes false [lindex [get_hw_devices xc7z010_1] 0]
set_property PROBES.FILE {C:/Users/User/Desktop/ELD LAB/LAB_3/LAB_3.runs/impl_1/vio_wrapper.ltx} [get_hw_devices xc7z010_1]
set_property FULL_PROBES.FILE {C:/Users/User/Desktop/ELD LAB/LAB_3/LAB_3.runs/impl_1/vio_wrapper.ltx} [get_hw_devices xc7z010_1]
set_property PROGRAM.FILE {C:/Users/User/Desktop/ELD LAB/LAB_3/LAB_3.runs/impl_1/vio_wrapper.bit} [get_hw_devices xc7z010_1]
program_hw_devices [get_hw_devices xc7z010_1]
refresh_hw_device [lindex [get_hw_devices xc7z010_1] 0]
set_property OUTPUT_VALUE 1 [get_hw_probes reset -of_objects [get_hw_vios -of_objects [get_hw_devices xc7z010_1] -filter {CELL_NAME=~"T2"}]]
commit_hw_vio [get_hw_probes {reset} -of_objects [get_hw_vios -of_objects [get_hw_devices xc7z010_1] -filter {CELL_NAME=~"T2"}]]
set_property OUTPUT_VALUE 0 [get_hw_probes reset -of_objects [get_hw_vios -of_objects [get_hw_devices xc7z010_1] -filter {CELL_NAME=~"T2"}]]
commit_hw_vio [get_hw_probes {reset} -of_objects [get_hw_vios -of_objects [get_hw_devices xc7z010_1] -filter {CELL_NAME=~"T2"}]]
close_hw
