#-----------------------------------------------------------
# Vivado v2019.1 (64-bit)
# SW Build 2552052 on Fri May 24 14:49:42 MDT 2019
# IP Build 2548770 on Fri May 24 18:01:18 MDT 2019
# Start of session at: Tue Oct 14 10:05:06 2025
# Process ID: 6848
# Current directory: C:/Users/User/Desktop/ELD_LAB/LAB_8
# Command line: vivado.exe -gui_launcher_event rodinguilauncherevent5048 C:\Users\User\Desktop\ELD_LAB\LAB_8\LAB_8.xpr
# Log file: C:/Users/User/Desktop/ELD_LAB/LAB_8/vivado.log
# Journal file: C:/Users/User/Desktop/ELD_LAB/LAB_8\vivado.jou
#-----------------------------------------------------------
start_gui
open_project C:/Users/User/Desktop/ELD_LAB/LAB_8/LAB_8.xpr
update_compile_order -fileset sources_1
write_hwdef -force  -file C:/Users/User/Desktop/ELD_LAB/LAB_8/LAB_8.sdk/Lab_8bd_wrapper.hdf
launch_sdk -workspace C:/Users/User/Desktop/ELD_LAB/LAB_8/LAB_8.sdk -hwspec C:/Users/User/Desktop/ELD_LAB/LAB_8/LAB_8.sdk/Lab_8bd_wrapper.hdf
launch_sdk -workspace C:/Users/User/Desktop/ELD_LAB/LAB_8/LAB_8.sdk -hwspec C:/Users/User/Desktop/ELD_LAB/LAB_8/LAB_8.sdk/Lab_8bd_wrapper.hdf
