11:03:42 **** Auto Build of configuration Debug for project fft32 ****
make pre-build main-build 
a9-linaro-pre-build-step
' '
'Building file: ../src/helloworld.c'
'Invoking: ARM v7 gcc compiler'
arm-none-eabi-gcc -Wall -O0 -g3 -c -fmessage-length=0 -MT"src/helloworld.o" -mcpu=cortex-a9 -mfpu=vfpv3 -mfloat-abi=hard -I../../fft32_bsp/ps7_cortexa9_0/include -MMD -MP -MF"src/helloworld.d" -MT"src/helloworld.o" -o "src/helloworld.o" "../src/helloworld.c"
In file included from ../src/helloworld.c:54:
../../fft32_bsp/ps7_cortexa9_0/include/xtime_l.h:87:9: note: #pragma message: For the sleep routines, Global timer is being used
 #pragma message ("For the sleep routines, Global timer is being used")
         ^~~~~~~
../src/helloworld.c: In function 'bitreverse':
../src/helloworld.c:81:2: warning: label 'bit_reversal' defined but not used [-Wunused-label]
  bit_reversal: for(int i=0; i<N; i++) {
  ^~~~~~~~~~~~
../src/helloworld.c: In function 'FFT_stages':
../src/helloworld.c:120:2: warning: label 'stage5' defined but not used [-Wunused-label]
  stage5: for(int i=0; i<N/2; i+=1) {
  ^~~~~~
../src/helloworld.c:112:2: warning: label 'stage4' defined but not used [-Wunused-label]
  stage4: for(int i=0; i<N; i+=16) {
  ^~~~~~
../src/helloworld.c:104:2: warning: label 'stage3' defined but not used [-Wunused-label]
  stage3: for(int i=0; i<N; i+=8) {
  ^~~~~~
../src/helloworld.c:96:2: warning: label 'stage2' defined but not used [-Wunused-label]
  stage2: for(int i=0; i<N; i+=4) {
  ^~~~~~
../src/helloworld.c:90:2: warning: label 'stage1' defined but not used [-Wunused-label]
  stage1: for(int i=0; i<N; i+=2) {
  ^~~~~~
../src/helloworld.c:87:56: warning: unused variable 'temp5' [-Wunused-variable]
  float complex temp1[N], temp2[N], temp3[N], temp4[N], temp5[N];
                                                        ^~~~~
../src/helloworld.c: In function 'main':
../src/helloworld.c:147:13: warning: passing argument 1 of 'bitreverse' discards 'const' qualifier from pointer target type [-Wdiscarded-qualifiers]
  bitreverse(FFT_input, FFT_rev_sw);
             ^~~~~~~~~
../src/helloworld.c:80:31: note: expected '_Complex float *' but argument is of type 'const _Complex float *'
 void bitreverse(float complex dataIn[N], float complex dataOut[N]) {
                 ~~~~~~~~~~~~~~^~~~~~~~~
'Finished building: ../src/helloworld.c'
' '
'Building target: fft32.elf'
'Invoking: ARM v7 gcc linker'
arm-none-eabi-gcc -mcpu=cortex-a9 -mfpu=vfpv3 -mfloat-abi=hard -Wl,-build-id=none -specs=Xilinx.spec -Wl,-T -Wl,../src/lscript.ld -L../../fft32_bsp/ps7_cortexa9_0/lib -o "fft32.elf"  ./src/helloworld.o ./src/platform.o   -Wl,--start-group,-lxil,-lgcc,-lc,--end-group
'Finished building target: fft32.elf'
' '
'Invoking: ARM v7 Print Size'
arm-none-eabi-size fft32.elf  |tee "fft32.elf.size"
   text	   data	    bss	    dec	    hex	filename
  71896	   2648	  23328	  97872	  17e50	fft32.elf
'Finished building: fft32.elf.size'
' '

11:03:43 Build Finished (took 1s.731ms)

