#-----------------------------------------------------------
# Vivado v2019.1 (64-bit)
# SW Build 2552052 on Fri May 24 14:49:42 MDT 2019
# IP Build 2548770 on Fri May 24 18:01:18 MDT 2019
# Start of session at: Thu Oct  9 18:23:09 2025
# Process ID: 10780
# Current directory: C:/Users/User/Desktop/ELD LAB/LAB_7
# Command line: vivado.exe -gui_launcher_event rodinguilauncherevent3416 C:\Users\User\Desktop\ELD LAB\LAB_7\LAB_7.xpr
# Log file: C:/Users/User/Desktop/ELD LAB/LAB_7/vivado.log
# Journal file: C:/Users/User/Desktop/ELD LAB/LAB_7\vivado.jou
#-----------------------------------------------------------
start_gui
open_project {C:/Users/User/Desktop/ELD LAB/LAB_7/LAB_7.xpr}
update_compile_order -fileset sources_1
file mkdir C:/Users/User/Desktop/ELD LAB/LAB_7/LAB_7.srcs/sources_1/new
file mkdir C:/Users/User/Desktop/ELD LAB/LAB_7/LAB_7.srcs/sources_1/new
file mkdir C:/Users/User/Desktop/ELD LAB/LAB_7/LAB_7.srcs/sources_1/new
file mkdir C:/Users/User/Desktop/ELD LAB/LAB_7/LAB_7.srcs/sources_1/new
file mkdir C:/Users/User/Desktop/ELD LAB/LAB_7/LAB_7.srcs/sources_1/new
file mkdir C:/Users/User/Desktop/ELD LAB/LAB_7/LAB_7.srcs/sources_1/new
file mkdir {C:/Users/User/Desktop/ELD LAB/LAB_7/LAB_7.srcs/sources_1/new}
close [ open {C:/Users/User/Desktop/ELD LAB/LAB_7/LAB_7.srcs/sources_1/new/top.v} w ]
add_files {{C:/Users/User/Desktop/ELD LAB/LAB_7/LAB_7.srcs/sources_1/new/top.v}}
launch_simulation
source fft_tb.tcl
run 300 ns
run 300 ns
run 300 ns
close_sim
launch_simulation
source fft_tb.tcl
run 300 ns
run 300 ns
run 300 ns
run 300 ns
run 300 ns
close_sim
launch_simulation
source fft_tb.tcl
close_sim
launch_simulation
source fft_tb.tcl
run 300 ns
run 300 ns
run 300 ns
run 300 ns
close_sim
launch_simulation
source fft_tb.tcl
run 300 ns
run 300 ns
run 300 ns
run 300 ns
close_sim
